// Jest Snapshot v1, https://goo.gl/fbAQLP

exports[`Pruebas eb <GifGridItem /> debe de mostrar el componente correctamente 1`] = `
<div
  className="card animate__animated animate__bounce"
>
  <img />
  <p>
     
     
  </p>
</div>
`;
